
> job-hunt@0.1.0 test
> react-scripts test --watchAll=false --color=false

PASS src/__tests__/App.test.js
PASS src/App.test.js
PASS src/components/__tests__/JobInputArea.test.js
PASS src/components/__tests__/ResumeInputArea.test.js
PASS src/components/__tests__/AdditionalInfoArea.test.js

Test Suites: 5 passed, 5 total
Tests:       14 passed, 14 total
Snapshots:   0 total
Time:        0.827 s, estimated 1 s
Ran all test suites.
